#-----------------------------------------------------------
# Vivado v2019.1 (64-bit)
# SW Build 2552052 on Fri May 24 14:49:42 MDT 2019
# IP Build 2548770 on Fri May 24 18:01:18 MDT 2019
# Start of session at: Sat Nov 23 18:46:52 2019
# Process ID: 2188
# Current directory: C:/Users/hnd00/OneDrive/Github/TFE4141/tfe4141_rsa_integration_kit_2019/Exponentiation/Exponentiation
# Command line: vivado.exe -gui_launcher_event rodinguilauncherevent18292 C:\Users\hnd00\OneDrive\Github\TFE4141\tfe4141_rsa_integration_kit_2019\Exponentiation\Exponentiation\Exponentiation.xpr
# Log file: C:/Users/hnd00/OneDrive/Github/TFE4141/tfe4141_rsa_integration_kit_2019/Exponentiation/Exponentiation/vivado.log
# Journal file: C:/Users/hnd00/OneDrive/Github/TFE4141/tfe4141_rsa_integration_kit_2019/Exponentiation/Exponentiation\vivado.jou
#-----------------------------------------------------------
start_gui
open_project C:/Users/hnd00/OneDrive/Github/TFE4141/tfe4141_rsa_integration_kit_2019/Exponentiation/Exponentiation/Exponentiation.xpr
update_compile_order -fileset sources_1
update_compile_order -fileset sources_1
update_compile_order -fileset sources_1
synth_design -rtl -name rtl_1
launch_simulation
source Testbench.tcl
run all
relaunch_sim
run all
close_sim
